// Jest Snapshot v1, https://goo.gl/fbAQLP

exports[`Move all gradients, patterns, filters, clipMask & mask outside symbol 1`] = `
"<svg>
  <symbol>
    <defs>






    </defs>
  </symbol>
  <linearGradient></linearGradient>
  <radialGradient></radialGradient>
  <pattern></pattern>
  <filter></filter>
  <clipPath></clipPath>
  <mask></mask>
</svg>"
`;
